Archive member included to satisfy reference by file (symbol)

c:/st/stm32cubeide_1.11.2/stm32cubeide/plugins/com.st.stm32cube.ide.mcu.externaltools.gnu-tools-for-stm32.10.3-2021.10.win32_1.0.100.202210260954/tools/bin/../lib/gcc/arm-none-eabi/10.3.1/../../../../arm-none-eabi/lib/thumb/v7e-m+fp/hard\libc_nano.a(lib_a-errno.o)
                              ./Core/Src/syscalls.o (__errno)
c:/st/stm32cubeide_1.11.2/stm32cubeide/plugins/com.st.stm32cube.ide.mcu.externaltools.gnu-tools-for-stm32.10.3-2021.10.win32_1.0.100.202210260954/tools/bin/../lib/gcc/arm-none-eabi/10.3.1/../../../../arm-none-eabi/lib/thumb/v7e-m+fp/hard\libc_nano.a(lib_a-exit.o)
                              c:/st/stm32cubeide_1.11.2/stm32cubeide/plugins/com.st.stm32cube.ide.mcu.externaltools.gnu-tools-for-stm32.10.3-2021.10.win32_1.0.100.202210260954/tools/bin/../lib/gcc/arm-none-eabi/10.3.1/../../../../arm-none-eabi/lib/thumb/v7e-m+fp/hard/crt0.o (exit)
c:/st/stm32cubeide_1.11.2/stm32cubeide/plugins/com.st.stm32cube.ide.mcu.externaltools.gnu-tools-for-stm32.10.3-2021.10.win32_1.0.100.202210260954/tools/bin/../lib/gcc/arm-none-eabi/10.3.1/../../../../arm-none-eabi/lib/thumb/v7e-m+fp/hard\libc_nano.a(lib_a-impure.o)
                              c:/st/stm32cubeide_1.11.2/stm32cubeide/plugins/com.st.stm32cube.ide.mcu.externaltools.gnu-tools-for-stm32.10.3-2021.10.win32_1.0.100.202210260954/tools/bin/../lib/gcc/arm-none-eabi/10.3.1/../../../../arm-none-eabi/lib/thumb/v7e-m+fp/hard\libc_nano.a(lib_a-exit.o) (_global_impure_ptr)
c:/st/stm32cubeide_1.11.2/stm32cubeide/plugins/com.st.stm32cube.ide.mcu.externaltools.gnu-tools-for-stm32.10.3-2021.10.win32_1.0.100.202210260954/tools/bin/../lib/gcc/arm-none-eabi/10.3.1/../../../../arm-none-eabi/lib/thumb/v7e-m+fp/hard\libc_nano.a(lib_a-init.o)
                              c:/st/stm32cubeide_1.11.2/stm32cubeide/plugins/com.st.stm32cube.ide.mcu.externaltools.gnu-tools-for-stm32.10.3-2021.10.win32_1.0.100.202210260954/tools/bin/../lib/gcc/arm-none-eabi/10.3.1/../../../../arm-none-eabi/lib/thumb/v7e-m+fp/hard/crt0.o (__libc_init_array)
c:/st/stm32cubeide_1.11.2/stm32cubeide/plugins/com.st.stm32cube.ide.mcu.externaltools.gnu-tools-for-stm32.10.3-2021.10.win32_1.0.100.202210260954/tools/bin/../lib/gcc/arm-none-eabi/10.3.1/../../../../arm-none-eabi/lib/thumb/v7e-m+fp/hard\libc_nano.a(lib_a-memset.o)
                              c:/st/stm32cubeide_1.11.2/stm32cubeide/plugins/com.st.stm32cube.ide.mcu.externaltools.gnu-tools-for-stm32.10.3-2021.10.win32_1.0.100.202210260954/tools/bin/../lib/gcc/arm-none-eabi/10.3.1/../../../../arm-none-eabi/lib/thumb/v7e-m+fp/hard/crt0.o (memset)
c:/st/stm32cubeide_1.11.2/stm32cubeide/plugins/com.st.stm32cube.ide.mcu.externaltools.gnu-tools-for-stm32.10.3-2021.10.win32_1.0.100.202210260954/tools/bin/../lib/gcc/arm-none-eabi/10.3.1/thumb/v7e-m+fp/hard\libgcc.a(_aeabi_uldivmod.o)
                              ./Drivers/STM32F4xx_HAL_Driver/Src/stm32f4xx_hal_rcc.o (__aeabi_uldivmod)
c:/st/stm32cubeide_1.11.2/stm32cubeide/plugins/com.st.stm32cube.ide.mcu.externaltools.gnu-tools-for-stm32.10.3-2021.10.win32_1.0.100.202210260954/tools/bin/../lib/gcc/arm-none-eabi/10.3.1/thumb/v7e-m+fp/hard\libgcc.a(_udivmoddi4.o)
                              c:/st/stm32cubeide_1.11.2/stm32cubeide/plugins/com.st.stm32cube.ide.mcu.externaltools.gnu-tools-for-stm32.10.3-2021.10.win32_1.0.100.202210260954/tools/bin/../lib/gcc/arm-none-eabi/10.3.1/thumb/v7e-m+fp/hard\libgcc.a(_aeabi_uldivmod.o) (__udivmoddi4)
c:/st/stm32cubeide_1.11.2/stm32cubeide/plugins/com.st.stm32cube.ide.mcu.externaltools.gnu-tools-for-stm32.10.3-2021.10.win32_1.0.100.202210260954/tools/bin/../lib/gcc/arm-none-eabi/10.3.1/thumb/v7e-m+fp/hard\libgcc.a(_dvmd_tls.o)
                              c:/st/stm32cubeide_1.11.2/stm32cubeide/plugins/com.st.stm32cube.ide.mcu.externaltools.gnu-tools-for-stm32.10.3-2021.10.win32_1.0.100.202210260954/tools/bin/../lib/gcc/arm-none-eabi/10.3.1/thumb/v7e-m+fp/hard\libgcc.a(_aeabi_uldivmod.o) (__aeabi_ldiv0)

Discarded input sections

 .text          0x0000000000000000        0x0 c:/st/stm32cubeide_1.11.2/stm32cubeide/plugins/com.st.stm32cube.ide.mcu.externaltools.gnu-tools-for-stm32.10.3-2021.10.win32_1.0.100.202210260954/tools/bin/../lib/gcc/arm-none-eabi/10.3.1/thumb/v7e-m+fp/hard/crti.o
 .data          0x0000000000000000        0x0 c:/st/stm32cubeide_1.11.2/stm32cubeide/plugins/com.st.stm32cube.ide.mcu.externaltools.gnu-tools-for-stm32.10.3-2021.10.win32_1.0.100.202210260954/tools/bin/../lib/gcc/arm-none-eabi/10.3.1/thumb/v7e-m+fp/hard/crti.o
 .bss           0x0000000000000000        0x0 c:/st/stm32cubeide_1.11.2/stm32cubeide/plugins/com.st.stm32cube.ide.mcu.externaltools.gnu-tools-for-stm32.10.3-2021.10.win32_1.0.100.202210260954/tools/bin/../lib/gcc/arm-none-eabi/10.3.1/thumb/v7e-m+fp/hard/crti.o
[...]
Memory Configuration

Name             Origin             Length             Attributes
RAM              0x0000000020000000 0x0000000000020000 xrw
FLASH            0x0000000008000000 0x0000000000080000 xr
*default*        0x0000000000000000 0xffffffffffffffff

Linker script and memory map

LOAD c:/st/stm32cubeide_1.11.2/stm32cubeide/plugins/com.st.stm32cube.ide.mcu.externaltools.gnu-tools-for-stm32.10.3-2021.10.win32_1.0.100.202210260954/tools/bin/../lib/gcc/arm-none-eabi/10.3.1/thumb/v7e-m+fp/hard/crti.o
LOAD c:/st/stm32cubeide_1.11.2/stm32cubeide/plugins/com.st.stm32cube.ide.mcu.externaltools.gnu-tools-for-stm32.10.3-2021.10.win32_1.0.100.202210260954/tools/bin/../lib/gcc/arm-none-eabi/10.3.1/thumb/v7e-m+fp/hard/crtbegin.o
LOAD c:/st/stm32cubeide_1.11.2/stm32cubeide/plugins/com.st.stm32cube.ide.mcu.externaltools.gnu-tools-for-stm32.10.3-2021.10.win32_1.0.100.202210260954/tools/bin/../lib/gcc/arm-none-eabi/10.3.1/../../../../arm-none-eabi/lib/thumb/v7e-m+fp/hard/crt0.o
LOAD ./Core/Src/app.o
LOAD ./Core/Src/main.o
LOAD ./Core/Src/stm32f4xx_hal_msp.o
LOAD ./Core/Src/stm32f4xx_it.o
LOAD ./Core/Src/syscalls.o
LOAD ./Core/Src/sysmem.o
LOAD ./Core/Src/system_stm32f4xx.o
LOAD ./Core/Src/tilelink.o
LOAD ./Core/Startup/startup_stm32f446retx.o
LOAD ./Drivers/STM32F4xx_HAL_Driver/Src/stm32f4xx_hal.o
LOAD ./Drivers/STM32F4xx_HAL_Driver/Src/stm32f4xx_hal_cortex.o
LOAD ./Drivers/STM32F4xx_HAL_Driver/Src/stm32f4xx_hal_dma.o
LOAD ./Drivers/STM32F4xx_HAL_Driver/Src/stm32f4xx_hal_dma_ex.o
LOAD ./Drivers/STM32F4xx_HAL_Driver/Src/stm32f4xx_hal_exti.o
LOAD ./Drivers/STM32F4xx_HAL_Driver/Src/stm32f4xx_hal_flash.o
LOAD ./Drivers/STM32F4xx_HAL_Driver/Src/stm32f4xx_hal_flash_ex.o
LOAD ./Drivers/STM32F4xx_HAL_Driver/Src/stm32f4xx_hal_flash_ramfunc.o
LOAD ./Drivers/STM32F4xx_HAL_Driver/Src/stm32f4xx_hal_gpio.o
LOAD ./Drivers/STM32F4xx_HAL_Driver/Src/stm32f4xx_hal_pwr.o
LOAD ./Drivers/STM32F4xx_HAL_Driver/Src/stm32f4xx_hal_pwr_ex.o
LOAD ./Drivers/STM32F4xx_HAL_Driver/Src/stm32f4xx_hal_rcc.o
LOAD ./Drivers/STM32F4xx_HAL_Driver/Src/stm32f4xx_hal_rcc_ex.o
LOAD ./Drivers/STM32F4xx_HAL_Driver/Src/stm32f4xx_hal_tim.o
LOAD ./Drivers/STM32F4xx_HAL_Driver/Src/stm32f4xx_hal_tim_ex.o
LOAD ./Drivers/STM32F4xx_HAL_Driver/Src/stm32f4xx_hal_uart.o
START GROUP
LOAD c:/st/stm32cubeide_1.11.2/stm32cubeide/plugins/com.st.stm32cube.ide.mcu.externaltools.gnu-tools-for-stm32.10.3-2021.10.win32_1.0.100.202210260954/tools/bin/../lib/gcc/arm-none-eabi/10.3.1/../../../../arm-none-eabi/lib/thumb/v7e-m+fp/hard\libc_nano.a
LOAD c:/st/stm32cubeide_1.11.2/stm32cubeide/plugins/com.st.stm32cube.ide.mcu.externaltools.gnu-tools-for-stm32.10.3-2021.10.win32_1.0.100.202210260954/tools/bin/../lib/gcc/arm-none-eabi/10.3.1/../../../../arm-none-eabi/lib/thumb/v7e-m+fp/hard\libm.a
END GROUP
START GROUP
LOAD c:/st/stm32cubeide_1.11.2/stm32cubeide/plugins/com.st.stm32cube.ide.mcu.externaltools.gnu-tools-for-stm32.10.3-2021.10.win32_1.0.100.202210260954/tools/bin/../lib/gcc/arm-none-eabi/10.3.1/thumb/v7e-m+fp/hard\libgcc.a
LOAD c:/st/stm32cubeide_1.11.2/stm32cubeide/plugins/com.st.stm32cube.ide.mcu.externaltools.gnu-tools-for-stm32.10.3-2021.10.win32_1.0.100.202210260954/tools/bin/../lib/gcc/arm-none-eabi/10.3.1/../../../../arm-none-eabi/lib/thumb/v7e-m+fp/hard\libc_nano.a
END GROUP
START GROUP
LOAD c:/st/stm32cubeide_1.11.2/stm32cubeide/plugins/com.st.stm32cube.ide.mcu.externaltools.gnu-tools-for-stm32.10.3-2021.10.win32_1.0.100.202210260954/tools/bin/../lib/gcc/arm-none-eabi/10.3.1/thumb/v7e-m+fp/hard\libgcc.a
LOAD c:/st/stm32cubeide_1.11.2/stm32cubeide/plugins/com.st.stm32cube.ide.mcu.externaltools.gnu-tools-for-stm32.10.3-2021.10.win32_1.0.100.202210260954/tools/bin/../lib/gcc/arm-none-eabi/10.3.1/../../../../arm-none-eabi/lib/thumb/v7e-m+fp/hard\libc_nano.a
LOAD c:/st/stm32cubeide_1.11.2/stm32cubeide/plugins/com.st.stm32cube.ide.mcu.externaltools.gnu-tools-for-stm32.10.3-2021.10.win32_1.0.100.202210260954/tools/bin/../lib/gcc/arm-none-eabi/10.3.1/../../../../arm-none-eabi/lib/thumb/v7e-m+fp/hard\libnosys.a
END GROUP
START GROUP
LOAD c:/st/stm32cubeide_1.11.2/stm32cubeide/plugins/com.st.stm32cube.ide.mcu.externaltools.gnu-tools-for-stm32.10.3-2021.10.win32_1.0.100.202210260954/tools/bin/../lib/gcc/arm-none-eabi/10.3.1/thumb/v7e-m+fp/hard\libgcc.a
LOAD c:/st/stm32cubeide_1.11.2/stm32cubeide/plugins/com.st.stm32cube.ide.mcu.externaltools.gnu-tools-for-stm32.10.3-2021.10.win32_1.0.100.202210260954/tools/bin/../lib/gcc/arm-none-eabi/10.3.1/../../../../arm-none-eabi/lib/thumb/v7e-m+fp/hard\libc_nano.a
LOAD c:/st/stm32cubeide_1.11.2/stm32cubeide/plugins/com.st.stm32cube.ide.mcu.externaltools.gnu-tools-for-stm32.10.3-2021.10.win32_1.0.100.202210260954/tools/bin/../lib/gcc/arm-none-eabi/10.3.1/../../../../arm-none-eabi/lib/thumb/v7e-m+fp/hard\libnosys.a
END GROUP
LOAD c:/st/stm32cubeide_1.11.2/stm32cubeide/plugins/com.st.stm32cube.ide.mcu.externaltools.gnu-tools-for-stm32.10.3-2021.10.win32_1.0.100.202210260954/tools/bin/../lib/gcc/arm-none-eabi/10.3.1/thumb/v7e-m+fp/hard/crtend.o
LOAD c:/st/stm32cubeide_1.11.2/stm32cubeide/plugins/com.st.stm32cube.ide.mcu.externaltools.gnu-tools-for-stm32.10.3-2021.10.win32_1.0.100.202210260954/tools/bin/../lib/gcc/arm-none-eabi/10.3.1/thumb/v7e-m+fp/hard/crtn.o
                0x0000000020020000                _estack = (ORIGIN (RAM) + LENGTH (RAM))
                0x0000000000000200                _Min_Heap_Size = 0x200
                0x0000000000000400                _Min_Stack_Size = 0x400

.isr_vector     0x0000000008000000      0x1c4
                0x0000000008000000                . = ALIGN (0x4)
 *(.isr_vector)
 .isr_vector    0x0000000008000000      0x1c4 ./Core/Startup/startup_stm32f446retx.o
                0x0000000008000000                g_pfnVectors
                0x00000000080001c4                . = ALIGN (0x4)

.text           0x00000000080001c4     0x5954
                0x00000000080001c4                . = ALIGN (0x4)
 *(.text)
 .text          0x00000000080001c4       0x40 c:/st/stm32cubeide_1.11.2/stm32cubeide/plugins/com.st.stm32cube.ide.mcu.externaltools.gnu-tools-for-stm32.10.3-2021.10.win32_1.0.100.202210260954/tools/bin/../lib/gcc/arm-none-eabi/10.3.1/thumb/v7e-m+fp/hard/crtbegin.o
 .text          0x0000000008000204       0x30 c:/st/stm32cubeide_1.11.2/stm32cubeide/plugins/com.st.stm32cube.ide.mcu.externaltools.gnu-tools-for-stm32.10.3-2021.10.win32_1.0.100.202210260954/tools/bin/../lib/gcc/arm-none-eabi/10.3.1/thumb/v7e-m+fp/hard\libgcc.a(_aeabi_uldivmod.o)
                0x0000000008000204                __aeabi_uldivmod
 .text          0x0000000008000234      0x2d0 c:/st/stm32cubeide_1.11.2/stm32cubeide/plugins/com.st.stm32cube.ide.mcu.externaltools.gnu-tools-for-stm32.10.3-2021.10.win32_1.0.100.202210260954/tools/bin/../lib/gcc/arm-none-eabi/10.3.1/thumb/v7e-m+fp/hard\libgcc.a(_udivmoddi4.o)
                0x0000000008000234                __udivmoddi4
 .text          0x0000000008000504        0x4 c:/st/stm32cubeide_1.11.2/stm32cubeide/plugins/com.st.stm32cube.ide.mcu.externaltools.gnu-tools-for-stm32.10.3-2021.10.win32_1.0.100.202210260954/tools/bin/../lib/gcc/arm-none-eabi/10.3.1/thumb/v7e-m+fp/hard\libgcc.a(_dvmd_tls.o)
                0x0000000008000504                __aeabi_idiv0
                0x0000000008000504                __aeabi_ldiv0
 *(.text*)
 .text.HAL_TIM_IC_CaptureCallback
                0x0000000008000508       0x1c ./Core/Src/app.o
                0x0000000008000508                HAL_TIM_IC_CaptureCallback
 .text.HAL_UARTEx_RxEventCallback
                0x0000000008000524       0xa0 ./Core/Src/app.o
                0x0000000008000524                HAL_UARTEx_RxEventCallback
 .text.APP_init
                0x00000000080005c4       0x34 ./Core/Src/app.o
                0x00000000080005c4                APP_init
 .text.APP_main
                0x00000000080005f8       0xb8 ./Core/Src/app.o
                0x00000000080005f8                APP_main
 .text.main     0x00000000080006b0       0x2a ./Core/Src/main.o
                0x00000000080006b0                main
 *fill*         0x00000000080006da        0x2 
 .text.SystemClock_Config
                0x00000000080006dc       0xe4 ./Core/Src/main.o
                0x00000000080006dc                SystemClock_Config
 .text.MX_TIM1_Init
                0x00000000080007c0      0x144 ./Core/Src/main.o
 .text.MX_TIM4_Init
                0x0000000008000904       0xa8 ./Core/Src/main.o
 .text.MX_USART2_UART_Init
                0x00000000080009ac       0x54 ./Core/Src/main.o
 .text.MX_DMA_Init
                0x0000000008000a00       0x50 ./Core/Src/main.o
 .text.MX_GPIO_Init
                0x0000000008000a50      0x118 ./Core/Src/main.o
 .text.Error_Handler
                0x0000000008000b68        0xa ./Core/Src/main.o
                0x0000000008000b68                Error_Handler
 *fill*         0x0000000008000b72        0x2 
 .text.HAL_MspInit
                0x0000000008000b74       0x50 ./Core/Src/stm32f4xx_hal_msp.o
                0x0000000008000b74                HAL_MspInit
 .text.HAL_TIM_Base_MspInit
                0x0000000008000bc4       0x44 ./Core/Src/stm32f4xx_hal_msp.o
                0x0000000008000bc4                HAL_TIM_Base_MspInit
 .text.HAL_TIM_IC_MspInit
                0x0000000008000c08       0xa0 ./Core/Src/stm32f4xx_hal_msp.o
                0x0000000008000c08                HAL_TIM_IC_MspInit
 .text.HAL_TIM_MspPostInit
                0x0000000008000ca8       0x74 ./Core/Src/stm32f4xx_hal_msp.o
                0x0000000008000ca8                HAL_TIM_MspPostInit
 .text.HAL_UART_MspInit
                0x0000000008000d1c      0x168 ./Core/Src/stm32f4xx_hal_msp.o
                0x0000000008000d1c                HAL_UART_MspInit
 .text.NMI_Handler
                0x0000000008000e84        0x6 ./Core/Src/stm32f4xx_it.o
                0x0000000008000e84                NMI_Handler
 .text.HardFault_Handler
                0x0000000008000e8a        0x6 ./Core/Src/stm32f4xx_it.o
                0x0000000008000e8a                HardFault_Handler
 .text.MemManage_Handler
                0x0000000008000e90        0x6 ./Core/Src/stm32f4xx_it.o
                0x0000000008000e90                MemManage_Handler
 .text.BusFault_Handler
                0x0000000008000e96        0x6 ./Core/Src/stm32f4xx_it.o
                0x0000000008000e96                BusFault_Handler
 .text.UsageFault_Handler
                0x0000000008000e9c        0x6 ./Core/Src/stm32f4xx_it.o
                0x0000000008000e9c                UsageFault_Handler
 .text.SVC_Handler
                0x0000000008000ea2        0xe ./Core/Src/stm32f4xx_it.o
                0x0000000008000ea2                SVC_Handler
 .text.DebugMon_Handler
                0x0000000008000eb0        0xe ./Core/Src/stm32f4xx_it.o
                0x0000000008000eb0                DebugMon_Handler
 .text.PendSV_Handler
                0x0000000008000ebe        0xe ./Core/Src/stm32f4xx_it.o
                0x0000000008000ebe                PendSV_Handler
 .text.SysTick_Handler
                0x0000000008000ecc        0xc ./Core/Src/stm32f4xx_it.o
                0x0000000008000ecc                SysTick_Handler
 .text.DMA1_Stream5_IRQHandler
                0x0000000008000ed8       0x14 ./Core/Src/stm32f4xx_it.o
                0x0000000008000ed8                DMA1_Stream5_IRQHandler
 .text.DMA1_Stream6_IRQHandler
                0x0000000008000eec       0x14 ./Core/Src/stm32f4xx_it.o
                0x0000000008000eec                DMA1_Stream6_IRQHandler
 .text.TIM4_IRQHandler
                0x0000000008000f00       0x14 ./Core/Src/stm32f4xx_it.o
                0x0000000008000f00                TIM4_IRQHandler
 .text.USART2_IRQHandler
                0x0000000008000f14       0x14 ./Core/Src/stm32f4xx_it.o
                0x0000000008000f14                USART2_IRQHandler
 .text.SystemInit
                0x0000000008000f28       0x24 ./Core/Src/system_stm32f4xx.o
                0x0000000008000f28                SystemInit
 .text.TL_update
                0x0000000008000f4c      0x100 ./Core/Src/tilelink.o
                0x0000000008000f4c                TL_update
 .text.TL_serialize
                0x000000000800104c      0x21c ./Core/Src/tilelink.o
                0x000000000800104c                TL_serialize
 .text.TL_deserialize
                0x0000000008001268      0x28a ./Core/Src/tilelink.o
                0x0000000008001268                TL_deserialize
 .text.TL_transmit
                0x00000000080014f2       0x48 ./Core/Src/tilelink.o
                0x00000000080014f2                TL_transmit
 *fill*         0x000000000800153a        0x2 
 .text.Reset_Handler
                0x000000000800153c       0x50 ./Core/Startup/startup_stm32f446retx.o
                0x000000000800153c                Reset_Handler
 .text.Default_Handler
                0x000000000800158c        0x2 ./Core/Startup/startup_stm32f446retx.o
                0x000000000800158c                RTC_Alarm_IRQHandler
                0x000000000800158c                EXTI2_IRQHandler
                0x000000000800158c                TIM8_CC_IRQHandler
                0x000000000800158c                FMPI2C1_EV_IRQHandler
                0x000000000800158c                SPI4_IRQHandler
                0x000000000800158c                TIM1_CC_IRQHandler
                0x000000000800158c                DMA2_Stream5_IRQHandler
                0x000000000800158c                PVD_IRQHandler
                0x000000000800158c                SDIO_IRQHandler
                0x000000000800158c                TAMP_STAMP_IRQHandler
                0x000000000800158c                CAN2_RX1_IRQHandler
                0x000000000800158c                EXTI3_IRQHandler
                0x000000000800158c                TIM8_TRG_COM_TIM14_IRQHandler
                0x000000000800158c                TIM1_UP_TIM10_IRQHandler
                0x000000000800158c                TIM8_UP_TIM13_IRQHandler
                0x000000000800158c                I2C3_ER_IRQHandler
                0x000000000800158c                EXTI0_IRQHandler
                0x000000000800158c                I2C2_EV_IRQHandler
                0x000000000800158c                DMA1_Stream2_IRQHandler
                0x000000000800158c                CAN1_RX0_IRQHandler
                0x000000000800158c                FPU_IRQHandler
                0x000000000800158c                OTG_HS_WKUP_IRQHandler
                0x000000000800158c                CAN2_SCE_IRQHandler
                0x000000000800158c                DMA2_Stream2_IRQHandler
                0x000000000800158c                SPI1_IRQHandler
                0x000000000800158c                TIM6_DAC_IRQHandler
                0x000000000800158c                TIM1_BRK_TIM9_IRQHandler
                0x000000000800158c                DCMI_IRQHandler
                0x000000000800158c                CAN2_RX0_IRQHandler
                0x000000000800158c                DMA2_Stream3_IRQHandler
                0x000000000800158c                SAI2_IRQHandler
                0x000000000800158c                USART6_IRQHandler
                0x000000000800158c                USART3_IRQHandler
                0x000000000800158c                CAN1_RX1_IRQHandler
                0x000000000800158c                UART5_IRQHandler
                0x000000000800158c                DMA2_Stream0_IRQHandler
                0x000000000800158c                QUADSPI_IRQHandler
                0x000000000800158c                I2C1_EV_IRQHandler
                0x000000000800158c                DMA1_Stream1_IRQHandler
                0x000000000800158c                UART4_IRQHandler
                0x000000000800158c                TIM3_IRQHandler
                0x000000000800158c                RCC_IRQHandler
                0x000000000800158c                TIM8_BRK_TIM12_IRQHandler
                0x000000000800158c                Default_Handler
                0x000000000800158c                CEC_IRQHandler
                0x000000000800158c                EXTI15_10_IRQHandler
                0x000000000800158c                ADC_IRQHandler
                0x000000000800158c                DMA1_Stream7_IRQHandler
                0x000000000800158c                TIM7_IRQHandler
                0x000000000800158c                CAN2_TX_IRQHandler
                0x000000000800158c                TIM5_IRQHandler
                0x000000000800158c                DMA2_Stream7_IRQHandler
                0x000000000800158c                I2C3_EV_IRQHandler
                0x000000000800158c                EXTI9_5_IRQHandler
                0x000000000800158c                RTC_WKUP_IRQHandler
                0x000000000800158c                SPDIF_RX_IRQHandler
                0x000000000800158c                SPI2_IRQHandler
                0x000000000800158c                OTG_HS_EP1_IN_IRQHandler
                0x000000000800158c                DMA1_Stream0_IRQHandler
                0x000000000800158c                CAN1_TX_IRQHandler
                0x000000000800158c                FMPI2C1_ER_IRQHandler
                0x000000000800158c                EXTI4_IRQHandler
                0x000000000800158c                OTG_HS_EP1_OUT_IRQHandler
                0x000000000800158c                WWDG_IRQHandler
                0x000000000800158c                TIM2_IRQHandler
                0x000000000800158c                OTG_FS_WKUP_IRQHandler
                0x000000000800158c                TIM1_TRG_COM_TIM11_IRQHandler
                0x000000000800158c                OTG_HS_IRQHandler
                0x000000000800158c                EXTI1_IRQHandler
                0x000000000800158c                I2C2_ER_IRQHandler
                0x000000000800158c                DMA2_Stream1_IRQHandler
                0x000000000800158c                CAN1_SCE_IRQHandler
                0x000000000800158c                FLASH_IRQHandler
                0x000000000800158c                DMA2_Stream4_IRQHandler
                0x000000000800158c                USART1_IRQHandler
                0x000000000800158c                OTG_FS_IRQHandler
                0x000000000800158c                SPI3_IRQHandler
                0x000000000800158c                DMA1_Stream4_IRQHandler
                0x000000000800158c                I2C1_ER_IRQHandler
                0x000000000800158c                FMC_IRQHandler
                0x000000000800158c                DMA2_Stream6_IRQHandler
                0x000000000800158c                SAI1_IRQHandler
                0x000000000800158c                DMA1_Stream3_IRQHandler
 *fill*         0x000000000800158e        0x2 
 .text.HAL_Init
                0x0000000008001590       0x44 ./Drivers/STM32F4xx_HAL_Driver/Src/stm32f4xx_hal.o
                0x0000000008001590                HAL_Init
 .text.HAL_InitTick
                0x00000000080015d4       0x60 ./Drivers/STM32F4xx_HAL_Driver/Src/stm32f4xx_hal.o
                0x00000000080015d4                HAL_InitTick
 .text.HAL_IncTick
                0x0000000008001634       0x28 ./Drivers/STM32F4xx_HAL_Driver/Src/stm32f4xx_hal.o
                0x0000000008001634                HAL_IncTick
 .text.HAL_GetTick
                0x000000000800165c       0x18 ./Drivers/STM32F4xx_HAL_Driver/Src/stm32f4xx_hal.o
                0x000000000800165c                HAL_GetTick
 .text.__NVIC_SetPriorityGrouping
                0x0000000008001674       0x48 ./Drivers/STM32F4xx_HAL_Driver/Src/stm32f4xx_hal_cortex.o
 .text.__NVIC_GetPriorityGrouping
                0x00000000080016bc       0x1c ./Drivers/STM32F4xx_HAL_Driver/Src/stm32f4xx_hal_cortex.o
 .text.__NVIC_EnableIRQ
                0x00000000080016d8       0x3c ./Drivers/STM32F4xx_HAL_Driver/Src/stm32f4xx_hal_cortex.o
 .text.__NVIC_SetPriority
                0x0000000008001714       0x54 ./Drivers/STM32F4xx_HAL_Driver/Src/stm32f4xx_hal_cortex.o
 .text.NVIC_EncodePriority
                0x0000000008001768       0x66 ./Drivers/STM32F4xx_HAL_Driver/Src/stm32f4xx_hal_cortex.o
 *fill*         0x00000000080017ce        0x2 
 .text.SysTick_Config
                0x00000000080017d0       0x44 ./Drivers/STM32F4xx_HAL_Driver/Src/stm32f4xx_hal_cortex.o
 .text.HAL_NVIC_SetPriorityGrouping
                0x0000000008001814       0x16 ./Drivers/STM32F4xx_HAL_Driver/Src/stm32f4xx_hal_cortex.o
                0x0000000008001814                HAL_NVIC_SetPriorityGrouping
 .text.HAL_NVIC_SetPriority
                0x000000000800182a       0x38 ./Drivers/STM32F4xx_HAL_Driver/Src/stm32f4xx_hal_cortex.o
                0x000000000800182a                HAL_NVIC_SetPriority
 .text.HAL_NVIC_EnableIRQ
                0x0000000008001862       0x1c ./Drivers/STM32F4xx_HAL_Driver/Src/stm32f4xx_hal_cortex.o
                0x0000000008001862                HAL_NVIC_EnableIRQ
 .text.HAL_SYSTICK_Config
                0x000000000800187e       0x18 ./Drivers/STM32F4xx_HAL_Driver/Src/stm32f4xx_hal_cortex.o
                0x000000000800187e                HAL_SYSTICK_Config
 *fill*         0x0000000008001896        0x2 
 .text.HAL_DMA_Init
                0x0000000008001898      0x15c ./Drivers/STM32F4xx_HAL_Driver/Src/stm32f4xx_hal_dma.o
                0x0000000008001898                HAL_DMA_Init
 .text.HAL_DMA_Start_IT
                0x00000000080019f4       0xb0 ./Drivers/STM32F4xx_HAL_Driver/Src/stm32f4xx_hal_dma.o
                0x00000000080019f4                HAL_DMA_Start_IT
 .text.HAL_DMA_Abort
                0x0000000008001aa4       0xe0 ./Drivers/STM32F4xx_HAL_Driver/Src/stm32f4xx_hal_dma.o
                0x0000000008001aa4                HAL_DMA_Abort
 .text.HAL_DMA_Abort_IT
                0x0000000008001b84       0x44 ./Drivers/STM32F4xx_HAL_Driver/Src/stm32f4xx_hal_dma.o
                0x0000000008001b84                HAL_DMA_Abort_IT
 .text.HAL_DMA_IRQHandler
                0x0000000008001bc8      0x314 ./Drivers/STM32F4xx_HAL_Driver/Src/stm32f4xx_hal_dma.o
                0x0000000008001bc8                HAL_DMA_IRQHandler
 .text.DMA_SetConfig
                0x0000000008001edc       0x5c ./Drivers/STM32F4xx_HAL_Driver/Src/stm32f4xx_hal_dma.o
 .text.DMA_CalcBaseAndBitshift
                0x0000000008001f38       0x6c ./Drivers/STM32F4xx_HAL_Driver/Src/stm32f4xx_hal_dma.o
 .text.DMA_CheckFifoParam
                0x0000000008001fa4       0xf8 ./Drivers/STM32F4xx_HAL_Driver/Src/stm32f4xx_hal_dma.o
 .text.HAL_GPIO_Init
                0x000000000800209c      0x328 ./Drivers/STM32F4xx_HAL_Driver/Src/stm32f4xx_hal_gpio.o
                0x000000000800209c                HAL_GPIO_Init
 .text.HAL_GPIO_ReadPin
                0x00000000080023c4       0x30 ./Drivers/STM32F4xx_HAL_Driver/Src/stm32f4xx_hal_gpio.o
                0x00000000080023c4                HAL_GPIO_ReadPin
 .text.HAL_GPIO_WritePin
                0x00000000080023f4       0x32 ./Drivers/STM32F4xx_HAL_Driver/Src/stm32f4xx_hal_gpio.o
                0x00000000080023f4                HAL_GPIO_WritePin
 *fill*         0x0000000008002426        0x2 
 .text.HAL_PWREx_EnableOverDrive
                0x0000000008002428       0xa0 ./Drivers/STM32F4xx_HAL_Driver/Src/stm32f4xx_hal_pwr_ex.o
                0x0000000008002428                HAL_PWREx_EnableOverDrive
 .text.HAL_RCC_ClockConfig
                0x00000000080024c8      0x1cc ./Drivers/STM32F4xx_HAL_Driver/Src/stm32f4xx_hal_rcc.o
                0x00000000080024c8                HAL_RCC_ClockConfig
 .text.HAL_RCC_GetHCLKFreq
                0x0000000008002694       0x18 ./Drivers/STM32F4xx_HAL_Driver/Src/stm32f4xx_hal_rcc.o
                0x0000000008002694                HAL_RCC_GetHCLKFreq
 .text.HAL_RCC_GetPCLK1Freq
                0x00000000080026ac       0x28 ./Drivers/STM32F4xx_HAL_Driver/Src/stm32f4xx_hal_rcc.o
                0x00000000080026ac                HAL_RCC_GetPCLK1Freq
 .text.HAL_RCC_GetPCLK2Freq
                0x00000000080026d4       0x28 ./Drivers/STM32F4xx_HAL_Driver/Src/stm32f4xx_hal_rcc.o
                0x00000000080026d4                HAL_RCC_GetPCLK2Freq
 .text.HAL_RCC_GetSysClockFreq
                0x00000000080026fc      0x354 ./Drivers/STM32F4xx_HAL_Driver/Src/stm32f4xx_hal_rcc_ex.o
                0x00000000080026fc                HAL_RCC_GetSysClockFreq
 .text.HAL_RCC_OscConfig
                0x0000000008002a50      0x53c ./Drivers/STM32F4xx_HAL_Driver/Src/stm32f4xx_hal_rcc_ex.o
                0x0000000008002a50                HAL_RCC_OscConfig
 .text.HAL_TIM_Base_Init
                0x0000000008002f8c       0x9e ./Drivers/STM32F4xx_HAL_Driver/Src/stm32f4xx_hal_tim.o
                0x0000000008002f8c                HAL_TIM_Base_Init
 .text.HAL_TIM_PWM_Init
                0x000000000800302a       0x9e ./Drivers/STM32F4xx_HAL_Driver/Src/stm32f4xx_hal_tim.o
                0x000000000800302a                HAL_TIM_PWM_Init
 .text.HAL_TIM_PWM_MspInit
                0x00000000080030c8       0x14 ./Drivers/STM32F4xx_HAL_Driver/Src/stm32f4xx_hal_tim.o
                0x00000000080030c8                HAL_TIM_PWM_MspInit
 .text.HAL_TIM_PWM_Start
                0x00000000080030dc      0x190 ./Drivers/STM32F4xx_HAL_Driver/Src/stm32f4xx_hal_tim.o
                0x00000000080030dc                HAL_TIM_PWM_Start
 .text.HAL_TIM_IC_Init
                0x000000000800326c       0x9e ./Drivers/STM32F4xx_HAL_Driver/Src/stm32f4xx_hal_tim.o
                0x000000000800326c                HAL_TIM_IC_Init
 *fill*         0x000000000800330a        0x2 
 .text.HAL_TIM_IC_Start_IT
                0x000000000800330c      0x250 ./Drivers/STM32F4xx_HAL_Driver/Src/stm32f4xx_hal_tim.o
                0x000000000800330c                HAL_TIM_IC_Start_IT
 .text.HAL_TIM_IRQHandler
                0x000000000800355c      0x210 ./Drivers/STM32F4xx_HAL_Driver/Src/stm32f4xx_hal_tim.o
                0x000000000800355c                HAL_TIM_IRQHandler
 .text.HAL_TIM_IC_ConfigChannel
                0x000000000800376c      0x138 ./Drivers/STM32F4xx_HAL_Driver/Src/stm32f4xx_hal_tim.o
                0x000000000800376c                HAL_TIM_IC_ConfigChannel
 .text.HAL_TIM_PWM_ConfigChannel
                0x00000000080038a4      0x184 ./Drivers/STM32F4xx_HAL_Driver/Src/stm32f4xx_hal_tim.o
                0x00000000080038a4                HAL_TIM_PWM_ConfigChannel
 .text.HAL_TIM_ConfigClockSource
                0x0000000008003a28      0x18e ./Drivers/STM32F4xx_HAL_Driver/Src/stm32f4xx_hal_tim.o
                0x0000000008003a28                HAL_TIM_ConfigClockSource
 .text.HAL_TIM_PeriodElapsedCallback
                0x0000000008003bb6       0x14 ./Drivers/STM32F4xx_HAL_Driver/Src/stm32f4xx_hal_tim.o
                0x0000000008003bb6                HAL_TIM_PeriodElapsedCallback
 .text.HAL_TIM_OC_DelayElapsedCallback
                0x0000000008003bca       0x14 ./Drivers/STM32F4xx_HAL_Driver/Src/stm32f4xx_hal_tim.o
                0x0000000008003bca                HAL_TIM_OC_DelayElapsedCallback
 .text.HAL_TIM_PWM_PulseFinishedCallback
                0x0000000008003bde       0x14 ./Drivers/STM32F4xx_HAL_Driver/Src/stm32f4xx_hal_tim.o
                0x0000000008003bde                HAL_TIM_PWM_PulseFinishedCallback
 .text.HAL_TIM_TriggerCallback
                0x0000000008003bf2       0x14 ./Drivers/STM32F4xx_HAL_Driver/Src/stm32f4xx_hal_tim.o
                0x0000000008003bf2                HAL_TIM_TriggerCallback
 *fill*         0x0000000008003c06        0x2 
 .text.TIM_Base_SetConfig
                0x0000000008003c08      0x140 ./Drivers/STM32F4xx_HAL_Driver/Src/stm32f4xx_hal_tim.o
                0x0000000008003c08                TIM_Base_SetConfig
 .text.TIM_OC1_SetConfig
                0x0000000008003d48       0xe0 ./Drivers/STM32F4xx_HAL_Driver/Src/stm32f4xx_hal_tim.o
 .text.TIM_OC2_SetConfig
                0x0000000008003e28       0xec ./Drivers/STM32F4xx_HAL_Driver/Src/stm32f4xx_hal_tim.o
                0x0000000008003e28                TIM_OC2_SetConfig
 .text.TIM_OC3_SetConfig
                0x0000000008003f14       0xe8 ./Drivers/STM32F4xx_HAL_Driver/Src/stm32f4xx_hal_tim.o
 .text.TIM_OC4_SetConfig
                0x0000000008003ffc       0xac ./Drivers/STM32F4xx_HAL_Driver/Src/stm32f4xx_hal_tim.o
 .text.TIM_TI1_SetConfig
                0x00000000080040a8       0xe8 ./Drivers/STM32F4xx_HAL_Driver/Src/stm32f4xx_hal_tim.o
                0x00000000080040a8                TIM_TI1_SetConfig
 .text.TIM_TI1_ConfigInputStage
                0x0000000008004190       0x5e ./Drivers/STM32F4xx_HAL_Driver/Src/stm32f4xx_hal_tim.o
 .text.TIM_TI2_SetConfig
                0x00000000080041ee       0x7a ./Drivers/STM32F4xx_HAL_Driver/Src/stm32f4xx_hal_tim.o
 .text.TIM_TI2_ConfigInputStage
                0x0000000008004268       0x60 ./Drivers/STM32F4xx_HAL_Driver/Src/stm32f4xx_hal_tim.o
 .text.TIM_TI3_SetConfig
                0x00000000080042c8       0x78 ./Drivers/STM32F4xx_HAL_Driver/Src/stm32f4xx_hal_tim.o
 .text.TIM_TI4_SetConfig
                0x0000000008004340       0x7a ./Drivers/STM32F4xx_HAL_Driver/Src/stm32f4xx_hal_tim.o
 .text.TIM_ITRx_SetConfig
                0x00000000080043ba       0x36 ./Drivers/STM32F4xx_HAL_Driver/Src/stm32f4xx_hal_tim.o
 .text.TIM_ETR_SetConfig
                0x00000000080043f0       0x40 ./Drivers/STM32F4xx_HAL_Driver/Src/stm32f4xx_hal_tim.o
                0x00000000080043f0                TIM_ETR_SetConfig
 .text.TIM_CCxChannelCmd
                0x0000000008004430       0x4a ./Drivers/STM32F4xx_HAL_Driver/Src/stm32f4xx_hal_tim.o
                0x0000000008004430                TIM_CCxChannelCmd
 *fill*         0x000000000800447a        0x2 
 .text.HAL_TIMEx_MasterConfigSynchronization
                0x000000000800447c       0xf8 ./Drivers/STM32F4xx_HAL_Driver/Src/stm32f4xx_hal_tim_ex.o
                0x000000000800447c                HAL_TIMEx_MasterConfigSynchronization
 .text.HAL_TIMEx_ConfigBreakDeadTime
                0x0000000008004574       0xa4 ./Drivers/STM32F4xx_HAL_Driver/Src/stm32f4xx_hal_tim_ex.o
                0x0000000008004574                HAL_TIMEx_ConfigBreakDeadTime
 .text.HAL_TIMEx_CommutCallback
                0x0000000008004618       0x14 ./Drivers/STM32F4xx_HAL_Driver/Src/stm32f4xx_hal_tim_ex.o
                0x0000000008004618                HAL_TIMEx_CommutCallback
 .text.HAL_TIMEx_BreakCallback
                0x000000000800462c       0x14 ./Drivers/STM32F4xx_HAL_Driver/Src/stm32f4xx_hal_tim_ex.o
                0x000000000800462c                HAL_TIMEx_BreakCallback
 .text.HAL_UART_Init
                0x0000000008004640       0x9a ./Drivers/STM32F4xx_HAL_Driver/Src/stm32f4xx_hal_uart.o
                0x0000000008004640                HAL_UART_Init
 .text.HAL_UART_Transmit
                0x00000000080046da      0x124 ./Drivers/STM32F4xx_HAL_Driver/Src/stm32f4xx_hal_uart.o
                0x00000000080046da                HAL_UART_Transmit
 .text.HAL_UARTEx_ReceiveToIdle_DMA
                0x00000000080047fe       0xca ./Drivers/STM32F4xx_HAL_Driver/Src/stm32f4xx_hal_uart.o
                0x00000000080047fe                HAL_UARTEx_ReceiveToIdle_DMA
 .text.HAL_UART_IRQHandler
                0x00000000080048c8      0x51c ./Drivers/STM32F4xx_HAL_Driver/Src/stm32f4xx_hal_uart.o
                0x00000000080048c8                HAL_UART_IRQHandler
 .text.HAL_UART_TxCpltCallback
                0x0000000008004de4       0x14 ./Drivers/STM32F4xx_HAL_Driver/Src/stm32f4xx_hal_uart.o
                0x0000000008004de4                HAL_UART_TxCpltCallback
 .text.HAL_UART_RxCpltCallback
                0x0000000008004df8       0x14 ./Drivers/STM32F4xx_HAL_Driver/Src/stm32f4xx_hal_uart.o
                0x0000000008004df8                HAL_UART_RxCpltCallback
 .text.HAL_UART_RxHalfCpltCallback
                0x0000000008004e0c       0x14 ./Drivers/STM32F4xx_HAL_Driver/Src/stm32f4xx_hal_uart.o
                0x0000000008004e0c                HAL_UART_RxHalfCpltCallback
 .text.HAL_UART_ErrorCallback
                0x0000000008004e20       0x14 ./Drivers/STM32F4xx_HAL_Driver/Src/stm32f4xx_hal_uart.o
                0x0000000008004e20                HAL_UART_ErrorCallback
 .text.UART_DMAReceiveCplt
                0x0000000008004e34      0x126 ./Drivers/STM32F4xx_HAL_Driver/Src/stm32f4xx_hal_uart.o
 .text.UART_DMARxHalfCplt
                0x0000000008004f5a       0x36 ./Drivers/STM32F4xx_HAL_Driver/Src/stm32f4xx_hal_uart.o
 .text.UART_DMAError
                0x0000000008004f90       0x94 ./Drivers/STM32F4xx_HAL_Driver/Src/stm32f4xx_hal_uart.o
 .text.UART_WaitOnFlagUntilTimeout
                0x0000000008005024       0xdc ./Drivers/STM32F4xx_HAL_Driver/Src/stm32f4xx_hal_uart.o
 .text.UART_Start_Receive_DMA
                0x0000000008005100      0x13c ./Drivers/STM32F4xx_HAL_Driver/Src/stm32f4xx_hal_uart.o
                0x0000000008005100                UART_Start_Receive_DMA
 .text.UART_EndTxTransfer
                0x000000000800523c       0x50 ./Drivers/STM32F4xx_HAL_Driver/Src/stm32f4xx_hal_uart.o
 .text.UART_EndRxTransfer
                0x000000000800528c       0xc6 ./Drivers/STM32F4xx_HAL_Driver/Src/stm32f4xx_hal_uart.o
 .text.UART_DMAAbortOnError
                0x0000000008005352       0x28 ./Drivers/STM32F4xx_HAL_Driver/Src/stm32f4xx_hal_uart.o
 .text.UART_Transmit_IT
                0x000000000800537a       0xa0 ./Drivers/STM32F4xx_HAL_Driver/Src/stm32f4xx_hal_uart.o
 .text.UART_EndTransmit_IT
                0x000000000800541a       0x30 ./Drivers/STM32F4xx_HAL_Driver/Src/stm32f4xx_hal_uart.o
 .text.UART_Receive_IT
                0x000000000800544a      0x176 ./Drivers/STM32F4xx_HAL_Driver/Src/stm32f4xx_hal_uart.o
 .text.UART_SetConfig
                0x00000000080055c0      0x4e8 ./Drivers/STM32F4xx_HAL_Driver/Src/stm32f4xx_hal_uart.o
 .text.__libc_init_array
                0x0000000008005aa8       0x48 c:/st/stm32cubeide_1.11.2/stm32cubeide/plugins/com.st.stm32cube.ide.mcu.externaltools.gnu-tools-for-stm32.10.3-2021.10.win32_1.0.100.202210260954/tools/bin/../lib/gcc/arm-none-eabi/10.3.1/../../../../arm-none-eabi/lib/thumb/v7e-m+fp/hard\libc_nano.a(lib_a-init.o)
                0x0000000008005aa8                __libc_init_array
 .text.memset   0x0000000008005af0       0x10 c:/st/stm32cubeide_1.11.2/stm32cubeide/plugins/com.st.stm32cube.ide.mcu.externaltools.gnu-tools-for-stm32.10.3-2021.10.win32_1.0.100.202210260954/tools/bin/../lib/gcc/arm-none-eabi/10.3.1/../../../../arm-none-eabi/lib/thumb/v7e-m+fp/hard\libc_nano.a(lib_a-memset.o)
                0x0000000008005af0                memset
 *(.glue_7)
 .glue_7        0x0000000008005b00        0x0 linker stubs
 *(.glue_7t)
 .glue_7t       0x0000000008005b00        0x0 linker stubs
 *(.eh_frame)
 .eh_frame      0x0000000008005b00        0x0 c:/st/stm32cubeide_1.11.2/stm32cubeide/plugins/com.st.stm32cube.ide.mcu.externaltools.gnu-tools-for-stm32.10.3-2021.10.win32_1.0.100.202210260954/tools/bin/../lib/gcc/arm-none-eabi/10.3.1/thumb/v7e-m+fp/hard/crtbegin.o
 *(.init)
 .init          0x0000000008005b00        0x4 c:/st/stm32cubeide_1.11.2/stm32cubeide/plugins/com.st.stm32cube.ide.mcu.externaltools.gnu-tools-for-stm32.10.3-2021.10.win32_1.0.100.202210260954/tools/bin/../lib/gcc/arm-none-eabi/10.3.1/thumb/v7e-m+fp/hard/crti.o
                0x0000000008005b00                _init
 .init          0x0000000008005b04        0x8 c:/st/stm32cubeide_1.11.2/stm32cubeide/plugins/com.st.stm32cube.ide.mcu.externaltools.gnu-tools-for-stm32.10.3-2021.10.win32_1.0.100.202210260954/tools/bin/../lib/gcc/arm-none-eabi/10.3.1/thumb/v7e-m+fp/hard/crtn.o
 *(.fini)
 .fini          0x0000000008005b0c        0x4 c:/st/stm32cubeide_1.11.2/stm32cubeide/plugins/com.st.stm32cube.ide.mcu.externaltools.gnu-tools-for-stm32.10.3-2021.10.win32_1.0.100.202210260954/tools/bin/../lib/gcc/arm-none-eabi/10.3.1/thumb/v7e-m+fp/hard/crti.o
                0x0000000008005b0c                _fini
 .fini          0x0000000008005b10        0x8 c:/st/stm32cubeide_1.11.2/stm32cubeide/plugins/com.st.stm32cube.ide.mcu.externaltools.gnu-tools-for-stm32.10.3-2021.10.win32_1.0.100.202210260954/tools/bin/../lib/gcc/arm-none-eabi/10.3.1/thumb/v7e-m+fp/hard/crtn.o
                0x0000000008005b18                . = ALIGN (0x4)
                0x0000000008005b18                _etext = .

.vfp11_veneer   0x0000000008005b18        0x0
 .vfp11_veneer  0x0000000008005b18        0x0 linker stubs

.v4_bx          0x0000000008005b18        0x0
 .v4_bx         0x0000000008005b18        0x0 linker stubs

.iplt           0x0000000008005b18        0x0
 .iplt          0x0000000008005b18        0x0 c:/st/stm32cubeide_1.11.2/stm32cubeide/plugins/com.st.stm32cube.ide.mcu.externaltools.gnu-tools-for-stm32.10.3-2021.10.win32_1.0.100.202210260954/tools/bin/../lib/gcc/arm-none-eabi/10.3.1/thumb/v7e-m+fp/hard/crtbegin.o

.rodata         0x0000000008005b18       0x20
                0x0000000008005b18                . = ALIGN (0x4)
 *(.rodata)
 *(.rodata*)
 .rodata.AHBPrescTable
                0x0000000008005b18       0x10 ./Core/Src/system_stm32f4xx.o
                0x0000000008005b18                AHBPrescTable
 .rodata.APBPrescTable
                0x0000000008005b28        0x8 ./Core/Src/system_stm32f4xx.o
                0x0000000008005b28                APBPrescTable
 .rodata.flagBitshiftOffset.0
                0x0000000008005b30        0x8 ./Drivers/STM32F4xx_HAL_Driver/Src/stm32f4xx_hal_dma.o
                0x0000000008005b38                . = ALIGN (0x4)

.ARM.extab      0x0000000008005b38        0x0
                0x0000000008005b38                . = ALIGN (0x4)
 *(.ARM.extab* .gnu.linkonce.armextab.*)
                0x0000000008005b38                . = ALIGN (0x4)

.ARM            0x0000000008005b38        0x8
                0x0000000008005b38                . = ALIGN (0x4)
                0x0000000008005b38                __exidx_start = .
 *(.ARM.exidx*)
 .ARM.exidx     0x0000000008005b38        0x8 c:/st/stm32cubeide_1.11.2/stm32cubeide/plugins/com.st.stm32cube.ide.mcu.externaltools.gnu-tools-for-stm32.10.3-2021.10.win32_1.0.100.202210260954/tools/bin/../lib/gcc/arm-none-eabi/10.3.1/thumb/v7e-m+fp/hard\libgcc.a(_udivmoddi4.o)
                0x0000000008005b40                __exidx_end = .
                0x0000000008005b40                . = ALIGN (0x4)

.rel.dyn        0x0000000008005b40        0x0
 .rel.iplt      0x0000000008005b40        0x0 c:/st/stm32cubeide_1.11.2/stm32cubeide/plugins/com.st.stm32cube.ide.mcu.externaltools.gnu-tools-for-stm32.10.3-2021.10.win32_1.0.100.202210260954/tools/bin/../lib/gcc/arm-none-eabi/10.3.1/thumb/v7e-m+fp/hard/crtbegin.o

.preinit_array  0x0000000008005b40        0x0
                0x0000000008005b40                . = ALIGN (0x4)
                0x0000000008005b40                PROVIDE (__preinit_array_start = .)
 *(.preinit_array*)
                0x0000000008005b40                PROVIDE (__preinit_array_end = .)
                0x0000000008005b40                . = ALIGN (0x4)

.init_array     0x0000000008005b40        0x4
                0x0000000008005b40                . = ALIGN (0x4)
                0x0000000008005b40                PROVIDE (__init_array_start = .)
 *(SORT_BY_NAME(.init_array.*))
 *(.init_array*)
 .init_array    0x0000000008005b40        0x4 c:/st/stm32cubeide_1.11.2/stm32cubeide/plugins/com.st.stm32cube.ide.mcu.externaltools.gnu-tools-for-stm32.10.3-2021.10.win32_1.0.100.202210260954/tools/bin/../lib/gcc/arm-none-eabi/10.3.1/thumb/v7e-m+fp/hard/crtbegin.o
                0x0000000008005b44                PROVIDE (__init_array_end = .)
                0x0000000008005b44                . = ALIGN (0x4)

.fini_array     0x0000000008005b44        0x4
                0x0000000008005b44                . = ALIGN (0x4)
                [!provide]                        PROVIDE (__fini_array_start = .)
 *(SORT_BY_NAME(.fini_array.*))
 *(.fini_array*)
 .fini_array    0x0000000008005b44        0x4 c:/st/stm32cubeide_1.11.2/stm32cubeide/plugins/com.st.stm32cube.ide.mcu.externaltools.gnu-tools-for-stm32.10.3-2021.10.win32_1.0.100.202210260954/tools/bin/../lib/gcc/arm-none-eabi/10.3.1/thumb/v7e-m+fp/hard/crtbegin.o
                [!provide]                        PROVIDE (__fini_array_end = .)
                0x0000000008005b48                . = ALIGN (0x4)
                0x0000000008005b48                _sidata = LOADADDR (.data)

.data           0x0000000020000000        0xc load address 0x0000000008005b48
                0x0000000020000000                . = ALIGN (0x4)
                0x0000000020000000                _sdata = .
 *(.data)
 *(.data*)
 .data.SystemCoreClock
                0x0000000020000000        0x4 ./Core/Src/system_stm32f4xx.o
                0x0000000020000000                SystemCoreClock
 .data.uwTickPrio
                0x0000000020000004        0x4 ./Drivers/STM32F4xx_HAL_Driver/Src/stm32f4xx_hal.o
                0x0000000020000004                uwTickPrio
 .data.uwTickFreq
                0x0000000020000008        0x1 ./Drivers/STM32F4xx_HAL_Driver/Src/stm32f4xx_hal.o
                0x0000000020000008                uwTickFreq
 *(.RamFunc)
 *(.RamFunc*)
                0x000000002000000c                . = ALIGN (0x4)
 *fill*         0x0000000020000009        0x3 
                0x000000002000000c                _edata = .

.igot.plt       0x000000002000000c        0x0 load address 0x0000000008005b54
 .igot.plt      0x000000002000000c        0x0 c:/st/stm32cubeide_1.11.2/stm32cubeide/plugins/com.st.stm32cube.ide.mcu.externaltools.gnu-tools-for-stm32.10.3-2021.10.win32_1.0.100.202210260954/tools/bin/../lib/gcc/arm-none-eabi/10.3.1/thumb/v7e-m+fp/hard/crtbegin.o
                0x000000002000000c                . = ALIGN (0x4)

.bss            0x0000000020000010      0x48c load address 0x0000000008005b54
                0x0000000020000010                _sbss = .
                0x0000000020000010                __bss_start__ = _sbss
 *(.bss)
 .bss           0x0000000020000010       0x1c c:/st/stm32cubeide_1.11.2/stm32cubeide/plugins/com.st.stm32cube.ide.mcu.externaltools.gnu-tools-for-stm32.10.3-2021.10.win32_1.0.100.202210260954/tools/bin/../lib/gcc/arm-none-eabi/10.3.1/thumb/v7e-m+fp/hard/crtbegin.o
 *(.bss*)
 *fill*         0x000000002000002c        0x4 
 .bss.tl        0x0000000020000030      0x250 ./Core/Src/app.o
                0x0000000020000030                tl
 .bss.serial_rx_buffer
                0x0000000020000280       0x40 ./Core/Src/app.o
                0x0000000020000280                serial_rx_buffer
 .bss.serial_tx_buffer
                0x00000000200002c0       0x40 ./Core/Src/app.o
                0x00000000200002c0                serial_tx_buffer
 .bss.frame_pending
                0x0000000020000300        0x1 ./Core/Src/app.o
                0x0000000020000300                frame_pending
 *fill*         0x0000000020000301        0x3 
 .bss.htim1     0x0000000020000304       0x48 ./Core/Src/main.o
                0x0000000020000304                htim1
 .bss.htim4     0x000000002000034c       0x48 ./Core/Src/main.o
                0x000000002000034c                htim4
 .bss.huart2    0x0000000020000394       0x44 ./Core/Src/main.o
                0x0000000020000394                huart2
 .bss.hdma_usart2_rx
                0x00000000200003d8       0x60 ./Core/Src/main.o
                0x00000000200003d8                hdma_usart2_rx
 .bss.hdma_usart2_tx
                0x0000000020000438       0x60 ./Core/Src/main.o
                0x0000000020000438                hdma_usart2_tx
 .bss.uwTick    0x0000000020000498        0x4 ./Drivers/STM32F4xx_HAL_Driver/Src/stm32f4xx_hal.o
                0x0000000020000498                uwTick
 *(COMMON)
                0x000000002000049c                . = ALIGN (0x4)
                0x000000002000049c                _ebss = .
                0x000000002000049c                __bss_end__ = _ebss

._user_heap_stack
                0x000000002000049c      0x604 load address 0x0000000008005b54
                0x00000000200004a0                . = ALIGN (0x8)
 *fill*         0x000000002000049c        0x4 
                [!provide]                        PROVIDE (end = .)
                0x00000000200004a0                PROVIDE (_end = .)
                0x00000000200006a0                . = (. + _Min_Heap_Size)
 *fill*         0x00000000200004a0      0x200 
                0x0000000020000aa0                . = (. + _Min_Stack_Size)
 *fill*         0x00000000200006a0      0x400 
                0x0000000020000aa0                . = ALIGN (0x8)

/DISCARD/
 libc.a(*)
 libm.a(*)
 libgcc.a(*)

.ARM.attributes
                0x0000000000000000       0x30
 *(.ARM.attributes)
 .ARM.attributes
                0x0000000000000000       0x1e c:/st/stm32cubeide_1.11.2/stm32cubeide/plugins/com.st.stm32cube.ide.mcu.externaltools.gnu-tools-for-stm32.10.3-2021.10.win32_1.0.100.202210260954/tools/bin/../lib/gcc/arm-none-eabi/10.3.1/thumb/v7e-m+fp/hard/crti.o
 .ARM.attributes
                0x000000000000001e       0x34 c:/st/stm32cubeide_1.11.2/stm32cubeide/plugins/com.st.stm32cube.ide.mcu.externaltools.gnu-tools-for-stm32.10.3-2021.10.win32_1.0.100.202210260954/tools/bin/../lib/gcc/arm-none-eabi/10.3.1/thumb/v7e-m+fp/hard/crtbegin.o
 .ARM.attributes
                0x0000000000000052       0x34 ./Core/Src/app.o
 .ARM.attributes
                0x0000000000000086       0x34 ./Core/Src/main.o
 .ARM.attributes
                0x00000000000000ba       0x34 ./Core/Src/stm32f4xx_hal_msp.o
 .ARM.attributes
                0x00000000000000ee       0x34 ./Core/Src/stm32f4xx_it.o
 .ARM.attributes
                0x0000000000000122       0x34 ./Core/Src/system_stm32f4xx.o
 .ARM.attributes
                0x0000000000000156       0x34 ./Core/Src/tilelink.o
 .ARM.attributes
                0x000000000000018a       0x21 ./Core/Startup/startup_stm32f446retx.o
 .ARM.attributes
                0x00000000000001ab       0x34 ./Drivers/STM32F4xx_HAL_Driver/Src/stm32f4xx_hal.o
 .ARM.attributes
                0x00000000000001df       0x34 ./Drivers/STM32F4xx_HAL_Driver/Src/stm32f4xx_hal_cortex.o
 .ARM.attributes
                0x0000000000000213       0x34 ./Drivers/STM32F4xx_HAL_Driver/Src/stm32f4xx_hal_dma.o
 .ARM.attributes
                0x0000000000000247       0x34 ./Drivers/STM32F4xx_HAL_Driver/Src/stm32f4xx_hal_gpio.o
 .ARM.attributes
                0x000000000000027b       0x34 ./Drivers/STM32F4xx_HAL_Driver/Src/stm32f4xx_hal_pwr_ex.o
 .ARM.attributes
                0x00000000000002af       0x34 ./Drivers/STM32F4xx_HAL_Driver/Src/stm32f4xx_hal_rcc.o
 .ARM.attributes
                0x00000000000002e3       0x34 ./Drivers/STM32F4xx_HAL_Driver/Src/stm32f4xx_hal_rcc_ex.o
 .ARM.attributes
                0x0000000000000317       0x34 ./Drivers/STM32F4xx_HAL_Driver/Src/stm32f4xx_hal_tim.o
 .ARM.attributes
                0x000000000000034b       0x34 ./Drivers/STM32F4xx_HAL_Driver/Src/stm32f4xx_hal_tim_ex.o
 .ARM.attributes
                0x000000000000037f       0x34 ./Drivers/STM32F4xx_HAL_Driver/Src/stm32f4xx_hal_uart.o
 .ARM.attributes
                0x00000000000003b3       0x34 c:/st/stm32cubeide_1.11.2/stm32cubeide/plugins/com.st.stm32cube.ide.mcu.externaltools.gnu-tools-for-stm32.10.3-2021.10.win32_1.0.100.202210260954/tools/bin/../lib/gcc/arm-none-eabi/10.3.1/../../../../arm-none-eabi/lib/thumb/v7e-m+fp/hard\libc_nano.a(lib_a-init.o)
 .ARM.attributes
                0x00000000000003e7       0x34 c:/st/stm32cubeide_1.11.2/stm32cubeide/plugins/com.st.stm32cube.ide.mcu.externaltools.gnu-tools-for-stm32.10.3-2021.10.win32_1.0.100.202210260954/tools/bin/../lib/gcc/arm-none-eabi/10.3.1/../../../../arm-none-eabi/lib/thumb/v7e-m+fp/hard\libc_nano.a(lib_a-memset.o)
 .ARM.attributes
                0x000000000000041b       0x1e c:/st/stm32cubeide_1.11.2/stm32cubeide/plugins/com.st.stm32cube.ide.mcu.externaltools.gnu-tools-for-stm32.10.3-2021.10.win32_1.0.100.202210260954/tools/bin/../lib/gcc/arm-none-eabi/10.3.1/thumb/v7e-m+fp/hard\libgcc.a(_aeabi_uldivmod.o)
 .ARM.attributes
                0x0000000000000439       0x34 c:/st/stm32cubeide_1.11.2/stm32cubeide/plugins/com.st.stm32cube.ide.mcu.externaltools.gnu-tools-for-stm32.10.3-2021.10.win32_1.0.100.202210260954/tools/bin/../lib/gcc/arm-none-eabi/10.3.1/thumb/v7e-m+fp/hard\libgcc.a(_udivmoddi4.o)
 .ARM.attributes
                0x000000000000046d       0x1e c:/st/stm32cubeide_1.11.2/stm32cubeide/plugins/com.st.stm32cube.ide.mcu.externaltools.gnu-tools-for-stm32.10.3-2021.10.win32_1.0.100.202210260954/tools/bin/../lib/gcc/arm-none-eabi/10.3.1/thumb/v7e-m+fp/hard\libgcc.a(_dvmd_tls.o)
 .ARM.attributes
                0x000000000000048b       0x1e c:/st/stm32cubeide_1.11.2/stm32cubeide/plugins/com.st.stm32cube.ide.mcu.externaltools.gnu-tools-for-stm32.10.3-2021.10.win32_1.0.100.202210260954/tools/bin/../lib/gcc/arm-none-eabi/10.3.1/thumb/v7e-m+fp/hard/crtn.o
OUTPUT(TileLinkTrafficAdapter-F446.elf elf32-littlearm)
LOAD linker stubs
LOAD c:/st/stm32cubeide_1.11.2/stm32cubeide/plugins/com.st.stm32cube.ide.mcu.externaltools.gnu-tools-for-stm32.10.3-2021.10.win32_1.0.100.202210260954/tools/bin/../lib/gcc/arm-none-eabi/10.3.1/../../../../arm-none-eabi/lib/thumb/v7e-m+fp/hard\libc.a
LOAD c:/st/stm32cubeide_1.11.2/stm32cubeide/plugins/com.st.stm32cube.ide.mcu.externaltools.gnu-tools-for-stm32.10.3-2021.10.win32_1.0.100.202210260954/tools/bin/../lib/gcc/arm-none-eabi/10.3.1/../../../../arm-none-eabi/lib/thumb/v7e-m+fp/hard\libm.a
LOAD c:/st/stm32cubeide_1.11.2/stm32cubeide/plugins/com.st.stm32cube.ide.mcu.externaltools.gnu-tools-for-stm32.10.3-2021.10.win32_1.0.100.202210260954/tools/bin/../lib/gcc/arm-none-eabi/10.3.1/thumb/v7e-m+fp/hard\libgcc.a

.debug_info     0x0000000000000000    0x101fc
 .debug_info    0x0000000000000000      0xd86 ./Core/Src/app.o
 .debug_info    0x0000000000000d86     0x1614 ./Core/Src/main.o
 .debug_info    0x000000000000239a     0x114d ./Core/Src/stm32f4xx_hal_msp.o
 .debug_info    0x00000000000034e7      0xa36 ./Core/Src/stm32f4xx_it.o
 .debug_info    0x0000000000003f1d      0x55b ./Core/Src/system_stm32f4xx.o
 .debug_info    0x0000000000004478      0x657 ./Core/Src/tilelink.o
 .debug_info    0x0000000000004acf       0x22 ./Core/Startup/startup_stm32f446retx.o
 .debug_info    0x0000000000004af1      0x9d2 ./Drivers/STM32F4xx_HAL_Driver/Src/stm32f4xx_hal.o
 .debug_info    0x00000000000054c3      0xe39 ./Drivers/STM32F4xx_HAL_Driver/Src/stm32f4xx_hal_cortex.o
 .debug_info    0x00000000000062fc      0x94f ./Drivers/STM32F4xx_HAL_Driver/Src/stm32f4xx_hal_dma.o
 .debug_info    0x0000000000006c4b      0x7be ./Drivers/STM32F4xx_HAL_Driver/Src/stm32f4xx_hal_gpio.o
 .debug_info    0x0000000000007409      0x702 ./Drivers/STM32F4xx_HAL_Driver/Src/stm32f4xx_hal_pwr_ex.o
 .debug_info    0x0000000000007b0b      0x9ab ./Drivers/STM32F4xx_HAL_Driver/Src/stm32f4xx_hal_rcc.o
 .debug_info    0x00000000000084b6      0x9ec ./Drivers/STM32F4xx_HAL_Driver/Src/stm32f4xx_hal_rcc_ex.o
 .debug_info    0x0000000000008ea2     0x2bbe ./Drivers/STM32F4xx_HAL_Driver/Src/stm32f4xx_hal_tim.o
 .debug_info    0x000000000000ba60     0x15e0 ./Drivers/STM32F4xx_HAL_Driver/Src/stm32f4xx_hal_tim_ex.o
 .debug_info    0x000000000000d040     0x31bc ./Drivers/STM32F4xx_HAL_Driver/Src/stm32f4xx_hal_uart.o

.debug_abbrev   0x0000000000000000     0x2302
 .debug_abbrev  0x0000000000000000      0x231 ./Core/Src/app.o
 .debug_abbrev  0x0000000000000231      0x2af ./Core/Src/main.o
 .debug_abbrev  0x00000000000004e0      0x252 ./Core/Src/stm32f4xx_hal_msp.o
 .debug_abbrev  0x0000000000000732      0x18b ./Core/Src/stm32f4xx_it.o
 .debug_abbrev  0x00000000000008bd      0x116 ./Core/Src/system_stm32f4xx.o
 .debug_abbrev  0x00000000000009d3      0x1b7 ./Core/Src/tilelink.o
 .debug_abbrev  0x0000000000000b8a       0x12 ./Core/Startup/startup_stm32f446retx.o
 .debug_abbrev  0x0000000000000b9c      0x20d ./Drivers/STM32F4xx_HAL_Driver/Src/stm32f4xx_hal.o
 .debug_abbrev  0x0000000000000da9      0x316 ./Drivers/STM32F4xx_HAL_Driver/Src/stm32f4xx_hal_cortex.o
 .debug_abbrev  0x00000000000010bf      0x25b ./Drivers/STM32F4xx_HAL_Driver/Src/stm32f4xx_hal_dma.o
 .debug_abbrev  0x000000000000131a      0x1c4 ./Drivers/STM32F4xx_HAL_Driver/Src/stm32f4xx_hal_gpio.o
 .debug_abbrev  0x00000000000014de      0x1c9 ./Drivers/STM32F4xx_HAL_Driver/Src/stm32f4xx_hal_pwr_ex.o
 .debug_abbrev  0x00000000000016a7      0x2aa ./Drivers/STM32F4xx_HAL_Driver/Src/stm32f4xx_hal_rcc.o
 .debug_abbrev  0x0000000000001951      0x1fb ./Drivers/STM32F4xx_HAL_Driver/Src/stm32f4xx_hal_rcc_ex.o
 .debug_abbrev  0x0000000000001b4c      0x25d ./Drivers/STM32F4xx_HAL_Driver/Src/stm32f4xx_hal_tim.o
 .debug_abbrev  0x0000000000001da9      0x265 ./Drivers/STM32F4xx_HAL_Driver/Src/stm32f4xx_hal_tim_ex.o
 .debug_abbrev  0x000000000000200e      0x2f4 ./Drivers/STM32F4xx_HAL_Driver/Src/stm32f4xx_hal_uart.o

.debug_aranges  0x0000000000000000      0xd98
 .debug_aranges
                0x0000000000000000       0x48 ./Core/Src/app.o
 .debug_aranges
                0x0000000000000048       0x58 ./Core/Src/main.o
 .debug_aranges
                0x00000000000000a0       0x58 ./Core/Src/stm32f4xx_hal_msp.o
 .debug_aranges
                0x00000000000000f8       0x80 ./Core/Src/stm32f4xx_it.o
 .debug_aranges
                0x0000000000000178       0x28 ./Core/Src/system_stm32f4xx.o
 .debug_aranges
                0x00000000000001a0       0x48 ./Core/Src/tilelink.o
 .debug_aranges
                0x00000000000001e8       0x28 ./Core/Startup/startup_stm32f446retx.o
 .debug_aranges
                0x0000000000000210       0xf0 ./Drivers/STM32F4xx_HAL_Driver/Src/stm32f4xx_hal.o
 .debug_aranges
                0x0000000000000300      0x118 ./Drivers/STM32F4xx_HAL_Driver/Src/stm32f4xx_hal_cortex.o
 .debug_aranges
                0x0000000000000418       0x90 ./Drivers/STM32F4xx_HAL_Driver/Src/stm32f4xx_hal_dma.o
 .debug_aranges
                0x00000000000004a8       0x58 ./Drivers/STM32F4xx_HAL_Driver/Src/stm32f4xx_hal_gpio.o
 .debug_aranges
                0x0000000000000500       0x60 ./Drivers/STM32F4xx_HAL_Driver/Src/stm32f4xx_hal_pwr_ex.o
 .debug_aranges
                0x0000000000000560       0x88 ./Drivers/STM32F4xx_HAL_Driver/Src/stm32f4xx_hal_rcc.o
 .debug_aranges
                0x00000000000005e8       0x78 ./Drivers/STM32F4xx_HAL_Driver/Src/stm32f4xx_hal_rcc_ex.o
 .debug_aranges
                0x0000000000000660      0x3d0 ./Drivers/STM32F4xx_HAL_Driver/Src/stm32f4xx_hal_tim.o
 .debug_aranges
                0x0000000000000a30      0x168 ./Drivers/STM32F4xx_HAL_Driver/Src/stm32f4xx_hal_tim_ex.o
 .debug_aranges
                0x0000000000000b98      0x200 ./Drivers/STM32F4xx_HAL_Driver/Src/stm32f4xx_hal_uart.o

.debug_ranges   0x0000000000000000      0xcc0
 .debug_ranges  0x0000000000000000       0x38 ./Core/Src/app.o
 .debug_ranges  0x0000000000000038       0x48 ./Core/Src/main.o
 .debug_ranges  0x0000000000000080       0x48 ./Core/Src/stm32f4xx_hal_msp.o
 .debug_ranges  0x00000000000000c8       0x70 ./Core/Src/stm32f4xx_it.o
 .debug_ranges  0x0000000000000138       0x18 ./Core/Src/system_stm32f4xx.o
 .debug_ranges  0x0000000000000150       0x38 ./Core/Src/tilelink.o
 .debug_ranges  0x0000000000000188       0x20 ./Core/Startup/startup_stm32f446retx.o
 .debug_ranges  0x00000000000001a8       0xe0 ./Drivers/STM32F4xx_HAL_Driver/Src/stm32f4xx_hal.o
 .debug_ranges  0x0000000000000288      0x108 ./Drivers/STM32F4xx_HAL_Driver/Src/stm32f4xx_hal_cortex.o
 .debug_ranges  0x0000000000000390       0x80 ./Drivers/STM32F4xx_HAL_Driver/Src/stm32f4xx_hal_dma.o
 .debug_ranges  0x0000000000000410       0x48 ./Drivers/STM32F4xx_HAL_Driver/Src/stm32f4xx_hal_gpio.o
 .debug_ranges  0x0000000000000458       0x50 ./Drivers/STM32F4xx_HAL_Driver/Src/stm32f4xx_hal_pwr_ex.o
 .debug_ranges  0x00000000000004a8       0x78 ./Drivers/STM32F4xx_HAL_Driver/Src/stm32f4xx_hal_rcc.o
 .debug_ranges  0x0000000000000520       0x68 ./Drivers/STM32F4xx_HAL_Driver/Src/stm32f4xx_hal_rcc_ex.o
 .debug_ranges  0x0000000000000588      0x3c0 ./Drivers/STM32F4xx_HAL_Driver/Src/stm32f4xx_hal_tim.o
 .debug_ranges  0x0000000000000948      0x158 ./Drivers/STM32F4xx_HAL_Driver/Src/stm32f4xx_hal_tim_ex.o
 .debug_ranges  0x0000000000000aa0      0x220 ./Drivers/STM32F4xx_HAL_Driver/Src/stm32f4xx_hal_uart.o

.debug_macro    0x0000000000000000    0x234b9
 .debug_macro   0x0000000000000000      0x3e9 ./Core/Src/app.o
 .debug_macro   0x00000000000003e9      0xa78 ./Core/Src/app.o
 .debug_macro   0x0000000000000e61       0x22 ./Core/Src/app.o
 .debug_macro   0x0000000000000e83       0x4c ./Core/Src/app.o
 .debug_macro   0x0000000000000ecf       0x1e ./Core/Src/app.o
 .debug_macro   0x0000000000000eed       0x94 ./Core/Src/app.o
 .debug_macro   0x0000000000000f81       0x3c ./Core/Src/app.o
 .debug_macro   0x0000000000000fbd       0x34 ./Core/Src/app.o
 .debug_macro   0x0000000000000ff1       0x16 ./Core/Src/app.o
 .debug_macro   0x0000000000001007       0x57 ./Core/Src/app.o
 .debug_macro   0x000000000000105e       0x97 ./Core/Src/app.o
 .debug_macro   0x00000000000010f5      0x341 ./Core/Src/app.o
 .debug_macro   0x0000000000001436       0xfd ./Core/Src/app.o
 .debug_macro   0x0000000000001533       0x10 ./Core/Src/app.o
 .debug_macro   0x0000000000001543       0x16 ./Core/Src/app.o
 .debug_macro   0x0000000000001559       0x43 ./Core/Src/app.o
 .debug_macro   0x000000000000159c       0x34 ./Core/Src/app.o
 .debug_macro   0x00000000000015d0       0x10 ./Core/Src/app.o
 .debug_macro   0x00000000000015e0       0x58 ./Core/Src/app.o
 .debug_macro   0x0000000000001638       0x71 ./Core/Src/app.o
 .debug_macro   0x00000000000016a9       0x1c ./Core/Src/app.o
 .debug_macro   0x00000000000016c5      0x12a ./Core/Src/app.o
 .debug_macro   0x00000000000017ef       0x10 ./Core/Src/app.o
 .debug_macro   0x00000000000017ff       0x6a ./Core/Src/app.o
 .debug_macro   0x0000000000001869       0x1c ./Core/Src/app.o
 .debug_macro   0x0000000000001885       0x52 ./Core/Src/app.o
 .debug_macro   0x00000000000018d7       0x22 ./Core/Src/app.o
 .debug_macro   0x00000000000018f9       0x10 ./Core/Src/app.o
 .debug_macro   0x0000000000001909       0x52 ./Core/Src/app.o
 .debug_macro   0x000000000000195b       0xd5 ./Core/Src/app.o
 .debug_macro   0x0000000000001a30       0x1c ./Core/Src/app.o
 .debug_macro   0x0000000000001a4c       0x3d ./Core/Src/app.o
 .debug_macro   0x0000000000001a89       0x16 ./Core/Src/app.o
 .debug_macro   0x0000000000001a9f      0x145 ./Core/Src/app.o
 .debug_macro   0x0000000000001be4       0x16 ./Core/Src/app.o
 .debug_macro   0x0000000000001bfa       0x35 ./Core/Src/app.o
 .debug_macro   0x0000000000001c2f       0x20 ./Core/Src/app.o
 .debug_macro   0x0000000000001c4f      0x103 ./Core/Src/app.o
 .debug_macro   0x0000000000001d52      0x1e5 ./Core/Src/app.o
 .debug_macro   0x0000000000001f37      0x460 ./Core/Src/app.o
 .debug_macro   0x0000000000002397      0x29b ./Core/Src/app.o
 .debug_macro   0x0000000000002632       0x2e ./Core/Src/app.o
 .debug_macro   0x0000000000002660       0x28 ./Core/Src/app.o
 .debug_macro   0x0000000000002688       0x1c ./Core/Src/app.o
 .debug_macro   0x00000000000026a4       0x22 ./Core/Src/app.o
 .debug_macro   0x00000000000026c6       0xd9 ./Core/Src/app.o
 .debug_macro   0x000000000000279f     0x102d ./Core/Src/app.o
 .debug_macro   0x00000000000037cc      0x11f ./Core/Src/app.o
 .debug_macro   0x00000000000038eb    0x16749 ./Core/Src/app.o
 .debug_macro   0x000000000001a034       0x6d ./Core/Src/app.o
 .debug_macro   0x000000000001a0a1     0x367e ./Core/Src/app.o
 .debug_macro   0x000000000001d71f       0x56 ./Core/Src/app.o
 .debug_macro   0x000000000001d775      0xc90 ./Core/Src/app.o
 .debug_macro   0x000000000001e405      0x9fe ./Core/Src/app.o
 .debug_macro   0x000000000001ee03      0x115 ./Core/Src/app.o
 .debug_macro   0x000000000001ef18      0x1a0 ./Core/Src/app.o
 .debug_macro   0x000000000001f0b8       0xa5 ./Core/Src/app.o
 .debug_macro   0x000000000001f15d      0x16d ./Core/Src/app.o
 .debug_macro   0x000000000001f2ca      0x287 ./Core/Src/app.o
 .debug_macro   0x000000000001f551       0x5f ./Core/Src/app.o
 .debug_macro   0x000000000001f5b0      0x236 ./Core/Src/app.o
 .debug_macro   0x000000000001f7e6      0x132 ./Core/Src/app.o
 .debug_macro   0x000000000001f918      0x29c ./Core/Src/app.o
 .debug_macro   0x000000000001fbb4       0x2e ./Core/Src/app.o
 .debug_macro   0x000000000001fbe2      0x11a ./Core/Src/app.o
 .debug_macro   0x000000000001fcfc       0xe8 ./Core/Src/app.o
 .debug_macro   0x000000000001fde4       0x89 ./Core/Src/app.o
 .debug_macro   0x000000000001fe6d      0x8e6 ./Core/Src/app.o
 .debug_macro   0x0000000000020753       0x4d ./Core/Src/app.o
 .debug_macro   0x00000000000207a0      0x295 ./Core/Src/app.o
 .debug_macro   0x0000000000020a35      0x126 ./Core/Src/app.o
 .debug_macro   0x0000000000020b5b       0x4c ./Core/Src/app.o
 .debug_macro   0x0000000000020ba7       0x94 ./Core/Src/app.o
 .debug_macro   0x0000000000020c3b      0x39a ./Core/Src/main.o
 .debug_macro   0x0000000000020fd5       0x8e ./Core/Src/main.o
 .debug_macro   0x0000000000021063       0x51 ./Core/Src/main.o
 .debug_macro   0x00000000000210b4      0x1df ./Core/Src/main.o
 .debug_macro   0x0000000000021293      0x174 ./Core/Src/main.o
 .debug_macro   0x0000000000021407       0x5c ./Core/Src/main.o
 .debug_macro   0x0000000000021463       0x52 ./Core/Src/main.o
 .debug_macro   0x00000000000214b5       0x10 ./Core/Src/main.o
 .debug_macro   0x00000000000214c5      0x39a ./Core/Src/stm32f4xx_hal_msp.o
 .debug_macro   0x000000000002185f      0x3a4 ./Core/Src/stm32f4xx_it.o
 .debug_macro   0x0000000000021c03      0x1ce ./Core/Src/system_stm32f4xx.o
 .debug_macro   0x0000000000021dd1      0x3a4 ./Core/Src/tilelink.o
 .debug_macro   0x0000000000022175       0x8e ./Core/Src/tilelink.o
 .debug_macro   0x0000000000022203      0x22e ./Drivers/STM32F4xx_HAL_Driver/Src/stm32f4xx_hal.o
 .debug_macro   0x0000000000022431      0x1ce ./Drivers/STM32F4xx_HAL_Driver/Src/stm32f4xx_hal_cortex.o
 .debug_macro   0x00000000000225ff      0x1d4 ./Drivers/STM32F4xx_HAL_Driver/Src/stm32f4xx_hal_dma.o
 .debug_macro   0x00000000000227d3      0x1d4 ./Drivers/STM32F4xx_HAL_Driver/Src/stm32f4xx_hal_gpio.o
 .debug_macro   0x00000000000229a7      0x1e6 ./Drivers/STM32F4xx_HAL_Driver/Src/stm32f4xx_hal_pwr_ex.o
 .debug_macro   0x0000000000022b8d      0x1f2 ./Drivers/STM32F4xx_HAL_Driver/Src/stm32f4xx_hal_rcc.o
 .debug_macro   0x0000000000022d7f      0x1ce ./Drivers/STM32F4xx_HAL_Driver/Src/stm32f4xx_hal_rcc_ex.o
 .debug_macro   0x0000000000022f4d      0x1cf ./Drivers/STM32F4xx_HAL_Driver/Src/stm32f4xx_hal_tim.o
 .debug_macro   0x000000000002311c      0x1ce ./Drivers/STM32F4xx_HAL_Driver/Src/stm32f4xx_hal_tim_ex.o
 .debug_macro   0x00000000000232ea      0x1cf ./Drivers/STM32F4xx_HAL_Driver/Src/stm32f4xx_hal_uart.o

.debug_line     0x0000000000000000    0x11486
 .debug_line    0x0000000000000000      0x9f1 ./Core/Src/app.o
 .debug_line    0x00000000000009f1      0xb1f ./Core/Src/main.o
 .debug_line    0x0000000000001510      0xa50 ./Core/Src/stm32f4xx_hal_msp.o
 .debug_line    0x0000000000001f60      0xa1d ./Core/Src/stm32f4xx_it.o
 .debug_line    0x000000000000297d      0x745 ./Core/Src/system_stm32f4xx.o
 .debug_line    0x00000000000030c2      0xec0 ./Core/Src/tilelink.o
 .debug_line    0x0000000000003f82       0x88 ./Core/Startup/startup_stm32f446retx.o
 .debug_line    0x000000000000400a      0x9ab ./Drivers/STM32F4xx_HAL_Driver/Src/stm32f4xx_hal.o
 .debug_line    0x00000000000049b5      0xc5a ./Drivers/STM32F4xx_HAL_Driver/Src/stm32f4xx_hal_cortex.o
 .debug_line    0x000000000000560f      0xf0f ./Drivers/STM32F4xx_HAL_Driver/Src/stm32f4xx_hal_dma.o
 .debug_line    0x000000000000651e      0xb0b ./Drivers/STM32F4xx_HAL_Driver/Src/stm32f4xx_hal_gpio.o
 .debug_line    0x0000000000007029      0x8da ./Drivers/STM32F4xx_HAL_Driver/Src/stm32f4xx_hal_pwr_ex.o
 .debug_line    0x0000000000007903      0xd31 ./Drivers/STM32F4xx_HAL_Driver/Src/stm32f4xx_hal_rcc.o
 .debug_line    0x0000000000008634     0x13bb ./Drivers/STM32F4xx_HAL_Driver/Src/stm32f4xx_hal_rcc_ex.o
 .debug_line    0x00000000000099ef     0x369f ./Drivers/STM32F4xx_HAL_Driver/Src/stm32f4xx_hal_tim.o
 .debug_line    0x000000000000d08e     0x19a8 ./Drivers/STM32F4xx_HAL_Driver/Src/stm32f4xx_hal_tim_ex.o
 .debug_line    0x000000000000ea36     0x2a50 ./Drivers/STM32F4xx_HAL_Driver/Src/stm32f4xx_hal_uart.o

.debug_str      0x0000000000000000    0xd234c
 .debug_str     0x0000000000000000    0xceaa5 ./Core/Src/app.o
                                      0xcee1b (size before relaxing)
 .debug_str     0x00000000000ceaa5      0xb30 ./Core/Src/main.o
                                      0xcf65c (size before relaxing)
 .debug_str     0x00000000000cf5d5       0xf6 ./Core/Src/stm32f4xx_hal_msp.o
                                      0xcf24e (size before relaxing)
 .debug_str     0x00000000000cf6cb      0x155 ./Core/Src/stm32f4xx_it.o
                                      0xceb56 (size before relaxing)
 .debug_str     0x00000000000cf820       0xdb ./Core/Src/system_stm32f4xx.o
                                      0xc9122 (size before relaxing)
 .debug_str     0x00000000000cf8fb       0x3a ./Core/Src/tilelink.o
                                      0xce49b (size before relaxing)
 .debug_str     0x00000000000cf935       0x36 ./Core/Startup/startup_stm32f446retx.o
                                         0x8b (size before relaxing)
 .debug_str     0x00000000000cf96b      0x617 ./Drivers/STM32F4xx_HAL_Driver/Src/stm32f4xx_hal.o
                                      0xc9ce7 (size before relaxing)
 .debug_str     0x00000000000cff82      0x32d ./Drivers/STM32F4xx_HAL_Driver/Src/stm32f4xx_hal_cortex.o
                                      0xc99f5 (size before relaxing)
 .debug_str     0x00000000000d02af      0x2f4 ./Drivers/STM32F4xx_HAL_Driver/Src/stm32f4xx_hal_dma.o
                                      0xc9517 (size before relaxing)
 .debug_str     0x00000000000d05a3      0x110 ./Drivers/STM32F4xx_HAL_Driver/Src/stm32f4xx_hal_gpio.o
                                      0xc929d (size before relaxing)
 .debug_str     0x00000000000d06b3      0x135 ./Drivers/STM32F4xx_HAL_Driver/Src/stm32f4xx_hal_pwr_ex.o
                                      0xc92fa (size before relaxing)
 .debug_str     0x00000000000d07e8      0x228 ./Drivers/STM32F4xx_HAL_Driver/Src/stm32f4xx_hal_rcc.o
                                      0xc955b (size before relaxing)
 .debug_str     0x00000000000d0a10      0x31c ./Drivers/STM32F4xx_HAL_Driver/Src/stm32f4xx_hal_rcc_ex.o
                                      0xc958e (size before relaxing)
 .debug_str     0x00000000000d0d2c      0xca0 ./Drivers/STM32F4xx_HAL_Driver/Src/stm32f4xx_hal_tim.o
                                      0xca477 (size before relaxing)
 .debug_str     0x00000000000d19cc      0x3e1 ./Drivers/STM32F4xx_HAL_Driver/Src/stm32f4xx_hal_tim_ex.o
                                      0xc9c93 (size before relaxing)
 .debug_str     0x00000000000d1dad      0x59f ./Drivers/STM32F4xx_HAL_Driver/Src/stm32f4xx_hal_uart.o
                                      0xc9ad0 (size before relaxing)

.comment        0x0000000000000000       0x50
 .comment       0x0000000000000000       0x50 ./Core/Src/app.o
                                         0x51 (size before relaxing)
 .comment       0x0000000000000050       0x51 ./Core/Src/main.o
 .comment       0x0000000000000050       0x51 ./Core/Src/stm32f4xx_hal_msp.o
 .comment       0x0000000000000050       0x51 ./Core/Src/stm32f4xx_it.o
 .comment       0x0000000000000050       0x51 ./Core/Src/system_stm32f4xx.o
 .comment       0x0000000000000050       0x51 ./Core/Src/tilelink.o
 .comment       0x0000000000000050       0x51 ./Drivers/STM32F4xx_HAL_Driver/Src/stm32f4xx_hal.o
 .comment       0x0000000000000050       0x51 ./Drivers/STM32F4xx_HAL_Driver/Src/stm32f4xx_hal_cortex.o
 .comment       0x0000000000000050       0x51 ./Drivers/STM32F4xx_HAL_Driver/Src/stm32f4xx_hal_dma.o
 .comment       0x0000000000000050       0x51 ./Drivers/STM32F4xx_HAL_Driver/Src/stm32f4xx_hal_gpio.o
 .comment       0x0000000000000050       0x51 ./Drivers/STM32F4xx_HAL_Driver/Src/stm32f4xx_hal_pwr_ex.o
 .comment       0x0000000000000050       0x51 ./Drivers/STM32F4xx_HAL_Driver/Src/stm32f4xx_hal_rcc.o
 .comment       0x0000000000000050       0x51 ./Drivers/STM32F4xx_HAL_Driver/Src/stm32f4xx_hal_rcc_ex.o
 .comment       0x0000000000000050       0x51 ./Drivers/STM32F4xx_HAL_Driver/Src/stm32f4xx_hal_tim.o
 .comment       0x0000000000000050       0x51 ./Drivers/STM32F4xx_HAL_Driver/Src/stm32f4xx_hal_tim_ex.o
 .comment       0x0000000000000050       0x51 ./Drivers/STM32F4xx_HAL_Driver/Src/stm32f4xx_hal_uart.o

.debug_frame    0x0000000000000000     0x389c
 .debug_frame   0x0000000000000000       0xd0 ./Core/Src/app.o
 .debug_frame   0x00000000000000d0      0x114 ./Core/Src/main.o
 .debug_frame   0x00000000000001e4      0x13c ./Core/Src/stm32f4xx_hal_msp.o
 .debug_frame   0x0000000000000320      0x174 ./Core/Src/stm32f4xx_it.o
 .debug_frame   0x0000000000000494       0x58 ./Core/Src/system_stm32f4xx.o
 .debug_frame   0x00000000000004ec      0x10c ./Core/Src/tilelink.o
 .debug_frame   0x00000000000005f8      0x374 ./Drivers/STM32F4xx_HAL_Driver/Src/stm32f4xx_hal.o
 .debug_frame   0x000000000000096c      0x498 ./Drivers/STM32F4xx_HAL_Driver/Src/stm32f4xx_hal_cortex.o
 .debug_frame   0x0000000000000e04      0x250 ./Drivers/STM32F4xx_HAL_Driver/Src/stm32f4xx_hal_dma.o
 .debug_frame   0x0000000000001054      0x14c ./Drivers/STM32F4xx_HAL_Driver/Src/stm32f4xx_hal_gpio.o
 .debug_frame   0x00000000000011a0      0x14c ./Drivers/STM32F4xx_HAL_Driver/Src/stm32f4xx_hal_pwr_ex.o
 .debug_frame   0x00000000000012ec      0x1f4 ./Drivers/STM32F4xx_HAL_Driver/Src/stm32f4xx_hal_rcc.o
 .debug_frame   0x00000000000014e0      0x1e8 ./Drivers/STM32F4xx_HAL_Driver/Src/stm32f4xx_hal_rcc_ex.o
 .debug_frame   0x00000000000016c8     0x11c4 ./Drivers/STM32F4xx_HAL_Driver/Src/stm32f4xx_hal_tim.o
 .debug_frame   0x000000000000288c      0x638 ./Drivers/STM32F4xx_HAL_Driver/Src/stm32f4xx_hal_tim_ex.o
 .debug_frame   0x0000000000002ec4      0x92c ./Drivers/STM32F4xx_HAL_Driver/Src/stm32f4xx_hal_uart.o
 .debug_frame   0x00000000000037f0       0x2c c:/st/stm32cubeide_1.11.2/stm32cubeide/plugins/com.st.stm32cube.ide.mcu.externaltools.gnu-tools-for-stm32.10.3-2021.10.win32_1.0.100.202210260954/tools/bin/../lib/gcc/arm-none-eabi/10.3.1/../../../../arm-none-eabi/lib/thumb/v7e-m+fp/hard\libc_nano.a(lib_a-init.o)
 .debug_frame   0x000000000000381c       0x20 c:/st/stm32cubeide_1.11.2/stm32cubeide/plugins/com.st.stm32cube.ide.mcu.externaltools.gnu-tools-for-stm32.10.3-2021.10.win32_1.0.100.202210260954/tools/bin/../lib/gcc/arm-none-eabi/10.3.1/../../../../arm-none-eabi/lib/thumb/v7e-m+fp/hard\libc_nano.a(lib_a-memset.o)
 .debug_frame   0x000000000000383c       0x2c c:/st/stm32cubeide_1.11.2/stm32cubeide/plugins/com.st.stm32cube.ide.mcu.externaltools.gnu-tools-for-stm32.10.3-2021.10.win32_1.0.100.202210260954/tools/bin/../lib/gcc/arm-none-eabi/10.3.1/thumb/v7e-m+fp/hard\libgcc.a(_aeabi_uldivmod.o)
 .debug_frame   0x0000000000003868       0x34 c:/st/stm32cubeide_1.11.2/stm32cubeide/plugins/com.st.stm32cube.ide.mcu.externaltools.gnu-tools-for-stm32.10.3-2021.10.win32_1.0.100.202210260954/tools/bin/../lib/gcc/arm-none-eabi/10.3.1/thumb/v7e-m+fp/hard\libgcc.a(_udivmoddi4.o)
